// Jest Snapshot v1, https://goo.gl/fbAQLP

exports[`<Amap/> should render a <MapTalks/> components 1`] = `<div />`;
